// Jest Snapshot v1, https://goo.gl/fbAQLP

exports[`Pruebas componentes <PrimeraApp /> Deber√≠a mostrar "Hola soy Ironman!" 1`] = `
<Fragment>
  <h1>
     
    Hola soy Ironman!
     
  </h1>
  <p>
     
    Soy un subtitulo
     
  </p>
</Fragment>
`;
